/home/catt/Desktop/sala4_crazyflie/install/sala4/lib/python3.10/site-packages/sala4/arming.py
/home/catt/Desktop/sala4_crazyflie/install/sala4/lib/python3.10/site-packages/sala4/mapper_multiranger.py
/home/catt/Desktop/sala4_crazyflie/install/sala4/lib/python3.10/site-packages/sala4/wall_following_multiranger.py
/home/catt/Desktop/sala4_crazyflie/install/sala4/lib/python3.10/site-packages/sala4/waypoint_following.py
/home/catt/Desktop/sala4_crazyflie/install/sala4/lib/python3.10/site-packages/sala4/__init__.py
/home/catt/Desktop/sala4_crazyflie/install/sala4/lib/python3.10/site-packages/sala4/trajectory_following.py
/home/catt/Desktop/sala4_crazyflie/install/sala4/lib/python3.10/site-packages/sala4/__pycache__/arming.cpython-310.pyc
/home/catt/Desktop/sala4_crazyflie/install/sala4/lib/python3.10/site-packages/sala4/__pycache__/mapper_multiranger.cpython-310.pyc
/home/catt/Desktop/sala4_crazyflie/install/sala4/lib/python3.10/site-packages/sala4/__pycache__/wall_following_multiranger.cpython-310.pyc
/home/catt/Desktop/sala4_crazyflie/install/sala4/lib/python3.10/site-packages/sala4/__pycache__/waypoint_following.cpython-310.pyc
/home/catt/Desktop/sala4_crazyflie/install/sala4/lib/python3.10/site-packages/sala4/__pycache__/__init__.cpython-310.pyc
/home/catt/Desktop/sala4_crazyflie/install/sala4/lib/python3.10/site-packages/sala4/__pycache__/trajectory_following.cpython-310.pyc
/home/catt/Desktop/sala4_crazyflie/install/sala4/share/ament_index/resource_index/packages/sala4
/home/catt/Desktop/sala4_crazyflie/install/sala4/share/sala4/package.xml
/home/catt/Desktop/sala4_crazyflie/install/sala4/share/sala4/launch
/home/catt/Desktop/sala4_crazyflie/install/sala4/share/sala4/config
/home/catt/Desktop/sala4_crazyflie/install/sala4/lib/python3.10/site-packages/sala4-0.0.0-py3.10.egg-info/entry_points.txt
/home/catt/Desktop/sala4_crazyflie/install/sala4/lib/python3.10/site-packages/sala4-0.0.0-py3.10.egg-info/top_level.txt
/home/catt/Desktop/sala4_crazyflie/install/sala4/lib/python3.10/site-packages/sala4-0.0.0-py3.10.egg-info/dependency_links.txt
/home/catt/Desktop/sala4_crazyflie/install/sala4/lib/python3.10/site-packages/sala4-0.0.0-py3.10.egg-info/SOURCES.txt
/home/catt/Desktop/sala4_crazyflie/install/sala4/lib/python3.10/site-packages/sala4-0.0.0-py3.10.egg-info/requires.txt
/home/catt/Desktop/sala4_crazyflie/install/sala4/lib/python3.10/site-packages/sala4-0.0.0-py3.10.egg-info/PKG-INFO
/home/catt/Desktop/sala4_crazyflie/install/sala4/lib/python3.10/site-packages/sala4-0.0.0-py3.10.egg-info/zip-safe
/home/catt/Desktop/sala4_crazyflie/install/sala4/lib/sala4/arming
/home/catt/Desktop/sala4_crazyflie/install/sala4/lib/sala4/mapper_multiranger
/home/catt/Desktop/sala4_crazyflie/install/sala4/lib/sala4/trajectory_following
/home/catt/Desktop/sala4_crazyflie/install/sala4/lib/sala4/wall_following_multiranger
/home/catt/Desktop/sala4_crazyflie/install/sala4/lib/sala4/waypoint_following
