[0.078s] DEBUG:colcon:Command line arguments: ['/usr/bin/colcon', 'build', '--cmake-args', '-DBUILD_TESTING=ON']
[0.078s] DEBUG:colcon:Parsed command line arguments: Namespace(log_base=None, log_level=None, verb_name='build', build_base='build', install_base='install', merge_install=False, symlink_install=False, test_result_base=None, continue_on_error=False, executor='parallel', parallel_workers=20, event_handlers=None, ignore_user_meta=False, metas=['./colcon.meta'], base_paths=['.'], packages_ignore=None, packages_ignore_regex=None, paths=None, packages_up_to=None, packages_up_to_regex=None, packages_above=None, packages_above_and_dependencies=None, packages_above_depth=None, packages_select_by_dep=None, packages_skip_by_dep=None, packages_skip_up_to=None, packages_select_build_failed=False, packages_skip_build_finished=False, packages_select_test_failures=False, packages_skip_test_passed=False, packages_select=None, packages_skip=None, packages_select_regex=None, packages_skip_regex=None, packages_start=None, packages_end=None, allow_overriding=[], cmake_args=['-DBUILD_TESTING=ON'], cmake_target=None, cmake_target_skip_unavailable=False, cmake_clean_cache=False, cmake_clean_first=False, cmake_force_configure=False, ament_cmake_args=None, catkin_cmake_args=None, catkin_skip_building_tests=False, mixin_files=None, mixin=None, verb_parser=<colcon_mixin.mixin.mixin_argument.MixinArgumentDecorator object at 0x71b488f533a0>, verb_extension=<colcon_core.verb.build.BuildVerb object at 0x71b48909c8e0>, main=<bound method BuildVerb.main of <colcon_core.verb.build.BuildVerb object at 0x71b48909c8e0>>, mixin_verb=('build',))
[0.203s] Level 1:colcon.colcon_core.package_discovery:discover_packages(colcon_meta) check parameters
[0.203s] Level 1:colcon.colcon_core.package_discovery:discover_packages(recursive) check parameters
[0.203s] Level 1:colcon.colcon_core.package_discovery:discover_packages(ignore) check parameters
[0.203s] Level 1:colcon.colcon_core.package_discovery:discover_packages(path) check parameters
[0.203s] Level 1:colcon.colcon_core.package_discovery:discover_packages(colcon_meta) discover
[0.203s] Level 1:colcon.colcon_core.package_discovery:discover_packages(recursive) discover
[0.203s] INFO:colcon.colcon_core.package_discovery:Crawling recursively for packages in '/home/catt/Desktop/sala4_crazyflie'
[0.204s] Level 1:colcon.colcon_core.package_identification:_identify(.) by extensions ['ignore', 'ignore_ament_install']
[0.204s] Level 1:colcon.colcon_core.package_identification:_identify(.) by extension 'ignore'
[0.204s] Level 1:colcon.colcon_core.package_identification:_identify(.) by extension 'ignore_ament_install'
[0.204s] Level 1:colcon.colcon_core.package_identification:_identify(.) by extensions ['colcon_pkg']
[0.204s] Level 1:colcon.colcon_core.package_identification:_identify(.) by extension 'colcon_pkg'
[0.204s] Level 1:colcon.colcon_core.package_identification:_identify(.) by extensions ['colcon_meta']
[0.204s] Level 1:colcon.colcon_core.package_identification:_identify(.) by extension 'colcon_meta'
[0.204s] Level 1:colcon.colcon_core.package_identification:_identify(.) by extensions ['ros']
[0.204s] Level 1:colcon.colcon_core.package_identification:_identify(.) by extension 'ros'
[0.211s] Level 1:colcon.colcon_core.package_identification:_identify(.) by extensions ['cmake', 'python']
[0.211s] Level 1:colcon.colcon_core.package_identification:_identify(.) by extension 'cmake'
[0.211s] Level 1:colcon.colcon_core.package_identification:_identify(.) by extension 'python'
[0.211s] Level 1:colcon.colcon_core.package_identification:_identify(.) by extensions ['python_setup_py']
[0.211s] Level 1:colcon.colcon_core.package_identification:_identify(.) by extension 'python_setup_py'
[0.211s] Level 1:colcon.colcon_core.package_identification:_identify(build) by extensions ['ignore', 'ignore_ament_install']
[0.211s] Level 1:colcon.colcon_core.package_identification:_identify(build) by extension 'ignore'
[0.211s] Level 1:colcon.colcon_core.package_identification:_identify(build) ignored
[0.211s] Level 1:colcon.colcon_core.package_identification:_identify(install) by extensions ['ignore', 'ignore_ament_install']
[0.212s] Level 1:colcon.colcon_core.package_identification:_identify(install) by extension 'ignore'
[0.212s] Level 1:colcon.colcon_core.package_identification:_identify(install) ignored
[0.212s] Level 1:colcon.colcon_core.package_identification:_identify(log) by extensions ['ignore', 'ignore_ament_install']
[0.212s] Level 1:colcon.colcon_core.package_identification:_identify(log) by extension 'ignore'
[0.212s] Level 1:colcon.colcon_core.package_identification:_identify(log) ignored
[0.212s] Level 1:colcon.colcon_core.package_identification:_identify(notes) by extensions ['ignore', 'ignore_ament_install']
[0.212s] Level 1:colcon.colcon_core.package_identification:_identify(notes) by extension 'ignore'
[0.212s] Level 1:colcon.colcon_core.package_identification:_identify(notes) by extension 'ignore_ament_install'
[0.212s] Level 1:colcon.colcon_core.package_identification:_identify(notes) by extensions ['colcon_pkg']
[0.212s] Level 1:colcon.colcon_core.package_identification:_identify(notes) by extension 'colcon_pkg'
[0.212s] Level 1:colcon.colcon_core.package_identification:_identify(notes) by extensions ['colcon_meta']
[0.212s] Level 1:colcon.colcon_core.package_identification:_identify(notes) by extension 'colcon_meta'
[0.212s] Level 1:colcon.colcon_core.package_identification:_identify(notes) by extensions ['ros']
[0.212s] Level 1:colcon.colcon_core.package_identification:_identify(notes) by extension 'ros'
[0.212s] Level 1:colcon.colcon_core.package_identification:_identify(notes) by extensions ['cmake', 'python']
[0.212s] Level 1:colcon.colcon_core.package_identification:_identify(notes) by extension 'cmake'
[0.212s] Level 1:colcon.colcon_core.package_identification:_identify(notes) by extension 'python'
[0.212s] Level 1:colcon.colcon_core.package_identification:_identify(notes) by extensions ['python_setup_py']
[0.212s] Level 1:colcon.colcon_core.package_identification:_identify(notes) by extension 'python_setup_py'
[0.212s] Level 1:colcon.colcon_core.package_identification:_identify(sala4) by extensions ['ignore', 'ignore_ament_install']
[0.212s] Level 1:colcon.colcon_core.package_identification:_identify(sala4) by extension 'ignore'
[0.212s] Level 1:colcon.colcon_core.package_identification:_identify(sala4) by extension 'ignore_ament_install'
[0.212s] Level 1:colcon.colcon_core.package_identification:_identify(sala4) by extensions ['colcon_pkg']
[0.212s] Level 1:colcon.colcon_core.package_identification:_identify(sala4) by extension 'colcon_pkg'
[0.212s] Level 1:colcon.colcon_core.package_identification:_identify(sala4) by extensions ['colcon_meta']
[0.213s] Level 1:colcon.colcon_core.package_identification:_identify(sala4) by extension 'colcon_meta'
[0.213s] Level 1:colcon.colcon_core.package_identification:_identify(sala4) by extensions ['ros']
[0.213s] Level 1:colcon.colcon_core.package_identification:_identify(sala4) by extension 'ros'
[0.214s] DEBUG:colcon.colcon_core.package_identification:Package 'sala4' with type 'ros.ament_python' and name 'sala4'
[0.214s] Level 1:colcon.colcon_core.package_identification:_identify(sala4_bringup) by extensions ['ignore', 'ignore_ament_install']
[0.214s] Level 1:colcon.colcon_core.package_identification:_identify(sala4_bringup) by extension 'ignore'
[0.214s] Level 1:colcon.colcon_core.package_identification:_identify(sala4_bringup) by extension 'ignore_ament_install'
[0.214s] Level 1:colcon.colcon_core.package_identification:_identify(sala4_bringup) by extensions ['colcon_pkg']
[0.215s] Level 1:colcon.colcon_core.package_identification:_identify(sala4_bringup) by extension 'colcon_pkg'
[0.215s] Level 1:colcon.colcon_core.package_identification:_identify(sala4_bringup) by extensions ['colcon_meta']
[0.215s] Level 1:colcon.colcon_core.package_identification:_identify(sala4_bringup) by extension 'colcon_meta'
[0.215s] Level 1:colcon.colcon_core.package_identification:_identify(sala4_bringup) by extensions ['ros']
[0.215s] Level 1:colcon.colcon_core.package_identification:_identify(sala4_bringup) by extension 'ros'
[0.215s] DEBUG:colcon.colcon_core.package_identification:Package 'sala4_bringup' with type 'ros.ament_python' and name 'sala4_bringup'
[0.215s] Level 1:colcon.colcon_core.package_identification:_identify(scripts) by extensions ['ignore', 'ignore_ament_install']
[0.215s] Level 1:colcon.colcon_core.package_identification:_identify(scripts) by extension 'ignore'
[0.215s] Level 1:colcon.colcon_core.package_identification:_identify(scripts) by extension 'ignore_ament_install'
[0.215s] Level 1:colcon.colcon_core.package_identification:_identify(scripts) by extensions ['colcon_pkg']
[0.215s] Level 1:colcon.colcon_core.package_identification:_identify(scripts) by extension 'colcon_pkg'
[0.215s] Level 1:colcon.colcon_core.package_identification:_identify(scripts) by extensions ['colcon_meta']
[0.215s] Level 1:colcon.colcon_core.package_identification:_identify(scripts) by extension 'colcon_meta'
[0.215s] Level 1:colcon.colcon_core.package_identification:_identify(scripts) by extensions ['ros']
[0.215s] Level 1:colcon.colcon_core.package_identification:_identify(scripts) by extension 'ros'
[0.215s] Level 1:colcon.colcon_core.package_identification:_identify(scripts) by extensions ['cmake', 'python']
[0.215s] Level 1:colcon.colcon_core.package_identification:_identify(scripts) by extension 'cmake'
[0.216s] Level 1:colcon.colcon_core.package_identification:_identify(scripts) by extension 'python'
[0.216s] Level 1:colcon.colcon_core.package_identification:_identify(scripts) by extensions ['python_setup_py']
[0.216s] Level 1:colcon.colcon_core.package_identification:_identify(scripts) by extension 'python_setup_py'
[0.216s] Level 1:colcon.colcon_core.package_discovery:discover_packages(recursive) using defaults
[0.216s] Level 1:colcon.colcon_core.package_discovery:discover_packages(ignore) discover
[0.216s] Level 1:colcon.colcon_core.package_discovery:discover_packages(ignore) using defaults
[0.216s] Level 1:colcon.colcon_core.package_discovery:discover_packages(path) discover
[0.216s] Level 1:colcon.colcon_core.package_discovery:discover_packages(path) using defaults
[0.235s] Level 1:colcon.colcon_core.package_discovery:discover_packages(prefix_path) check parameters
[0.235s] Level 1:colcon.colcon_core.package_discovery:discover_packages(prefix_path) discover
[0.237s] DEBUG:colcon.colcon_installed_package_information.package_discovery:Found 12 installed packages in /home/catt/crazyflie/crazyflie-ros/ros2_ws/install
[0.237s] DEBUG:colcon.colcon_installed_package_information.package_discovery:Found 289 installed packages in /opt/ros/humble
[0.238s] Level 1:colcon.colcon_core.package_discovery:discover_packages(prefix_path) using defaults
[0.266s] Level 5:colcon.colcon_core.verb:set package 'sala4' build argument 'cmake_args' from command line to '['-DBUILD_TESTING=ON']'
[0.266s] Level 5:colcon.colcon_core.verb:set package 'sala4' build argument 'cmake_target' from command line to 'None'
[0.266s] Level 5:colcon.colcon_core.verb:set package 'sala4' build argument 'cmake_target_skip_unavailable' from command line to 'False'
[0.266s] Level 5:colcon.colcon_core.verb:set package 'sala4' build argument 'cmake_clean_cache' from command line to 'False'
[0.266s] Level 5:colcon.colcon_core.verb:set package 'sala4' build argument 'cmake_clean_first' from command line to 'False'
[0.266s] Level 5:colcon.colcon_core.verb:set package 'sala4' build argument 'cmake_force_configure' from command line to 'False'
[0.266s] Level 5:colcon.colcon_core.verb:set package 'sala4' build argument 'ament_cmake_args' from command line to 'None'
[0.266s] Level 5:colcon.colcon_core.verb:set package 'sala4' build argument 'catkin_cmake_args' from command line to 'None'
[0.266s] Level 5:colcon.colcon_core.verb:set package 'sala4' build argument 'catkin_skip_building_tests' from command line to 'False'
[0.266s] DEBUG:colcon.colcon_core.verb:Building package 'sala4' with the following arguments: {'ament_cmake_args': None, 'build_base': '/home/catt/Desktop/sala4_crazyflie/build/sala4', 'catkin_cmake_args': None, 'catkin_skip_building_tests': False, 'cmake_args': ['-DBUILD_TESTING=ON'], 'cmake_clean_cache': False, 'cmake_clean_first': False, 'cmake_force_configure': False, 'cmake_target': None, 'cmake_target_skip_unavailable': False, 'install_base': '/home/catt/Desktop/sala4_crazyflie/install/sala4', 'merge_install': False, 'path': '/home/catt/Desktop/sala4_crazyflie/sala4', 'symlink_install': False, 'test_result_base': None}
[0.266s] Level 5:colcon.colcon_core.verb:set package 'sala4_bringup' build argument 'cmake_args' from command line to '['-DBUILD_TESTING=ON']'
[0.266s] Level 5:colcon.colcon_core.verb:set package 'sala4_bringup' build argument 'cmake_target' from command line to 'None'
[0.266s] Level 5:colcon.colcon_core.verb:set package 'sala4_bringup' build argument 'cmake_target_skip_unavailable' from command line to 'False'
[0.266s] Level 5:colcon.colcon_core.verb:set package 'sala4_bringup' build argument 'cmake_clean_cache' from command line to 'False'
[0.266s] Level 5:colcon.colcon_core.verb:set package 'sala4_bringup' build argument 'cmake_clean_first' from command line to 'False'
[0.266s] Level 5:colcon.colcon_core.verb:set package 'sala4_bringup' build argument 'cmake_force_configure' from command line to 'False'
[0.266s] Level 5:colcon.colcon_core.verb:set package 'sala4_bringup' build argument 'ament_cmake_args' from command line to 'None'
[0.266s] Level 5:colcon.colcon_core.verb:set package 'sala4_bringup' build argument 'catkin_cmake_args' from command line to 'None'
[0.266s] Level 5:colcon.colcon_core.verb:set package 'sala4_bringup' build argument 'catkin_skip_building_tests' from command line to 'False'
[0.266s] DEBUG:colcon.colcon_core.verb:Building package 'sala4_bringup' with the following arguments: {'ament_cmake_args': None, 'build_base': '/home/catt/Desktop/sala4_crazyflie/build/sala4_bringup', 'catkin_cmake_args': None, 'catkin_skip_building_tests': False, 'cmake_args': ['-DBUILD_TESTING=ON'], 'cmake_clean_cache': False, 'cmake_clean_first': False, 'cmake_force_configure': False, 'cmake_target': None, 'cmake_target_skip_unavailable': False, 'install_base': '/home/catt/Desktop/sala4_crazyflie/install/sala4_bringup', 'merge_install': False, 'path': '/home/catt/Desktop/sala4_crazyflie/sala4_bringup', 'symlink_install': False, 'test_result_base': None}
[0.267s] INFO:colcon.colcon_core.executor:Executing jobs using 'parallel' executor
[0.267s] DEBUG:colcon.colcon_parallel_executor.executor.parallel:run_until_complete
[0.267s] INFO:colcon.colcon_ros.task.ament_python.build:Building ROS package in '/home/catt/Desktop/sala4_crazyflie/sala4' with build type 'ament_python'
[0.267s] Level 1:colcon.colcon_core.shell:create_environment_hook('sala4', 'ament_prefix_path')
[0.269s] INFO:colcon.colcon_core.plugin_system:Skipping extension 'colcon_core.shell.bat': Not used on non-Windows systems
[0.269s] INFO:colcon.colcon_core.shell:Creating environment hook '/home/catt/Desktop/sala4_crazyflie/install/sala4/share/sala4/hook/ament_prefix_path.ps1'
[0.269s] INFO:colcon.colcon_core.shell:Creating environment descriptor '/home/catt/Desktop/sala4_crazyflie/install/sala4/share/sala4/hook/ament_prefix_path.dsv'
[0.270s] INFO:colcon.colcon_core.shell:Creating environment hook '/home/catt/Desktop/sala4_crazyflie/install/sala4/share/sala4/hook/ament_prefix_path.sh'
[0.270s] INFO:colcon.colcon_core.shell:Skip shell extension 'powershell' for command environment: Not usable outside of PowerShell
[0.270s] DEBUG:colcon.colcon_core.shell:Skip shell extension 'dsv' for command environment
[0.273s] INFO:colcon.colcon_ros.task.ament_python.build:Building ROS package in '/home/catt/Desktop/sala4_crazyflie/sala4_bringup' with build type 'ament_python'
[0.273s] Level 1:colcon.colcon_core.shell:create_environment_hook('sala4_bringup', 'ament_prefix_path')
[0.273s] INFO:colcon.colcon_core.shell:Creating environment hook '/home/catt/Desktop/sala4_crazyflie/install/sala4_bringup/share/sala4_bringup/hook/ament_prefix_path.ps1'
[0.273s] INFO:colcon.colcon_core.shell:Creating environment descriptor '/home/catt/Desktop/sala4_crazyflie/install/sala4_bringup/share/sala4_bringup/hook/ament_prefix_path.dsv'
[0.274s] INFO:colcon.colcon_core.shell:Creating environment hook '/home/catt/Desktop/sala4_crazyflie/install/sala4_bringup/share/sala4_bringup/hook/ament_prefix_path.sh'
[0.274s] INFO:colcon.colcon_core.shell:Skip shell extension 'powershell' for command environment: Not usable outside of PowerShell
[0.274s] DEBUG:colcon.colcon_core.shell:Skip shell extension 'dsv' for command environment
[0.472s] INFO:colcon.colcon_core.task.python.build:Building Python package in '/home/catt/Desktop/sala4_crazyflie/sala4'
[0.473s] INFO:colcon.colcon_core.shell:Skip shell extension 'powershell' for command environment: Not usable outside of PowerShell
[0.473s] DEBUG:colcon.colcon_core.shell:Skip shell extension 'dsv' for command environment
[0.675s] INFO:colcon.colcon_core.task.python.build:Building Python package in '/home/catt/Desktop/sala4_crazyflie/sala4_bringup'
[0.676s] INFO:colcon.colcon_core.shell:Skip shell extension 'powershell' for command environment: Not usable outside of PowerShell
[0.676s] DEBUG:colcon.colcon_core.shell:Skip shell extension 'dsv' for command environment
[0.936s] DEBUG:colcon.colcon_core.event_handler.log_command:Invoking command in '/home/catt/Desktop/sala4_crazyflie/sala4_bringup': PYTHONPATH=/home/catt/Desktop/sala4_crazyflie/build/sala4_bringup/prefix_override:/usr/lib/python3/dist-packages/colcon_core/task/python/colcon_distutils_commands:/home/catt/Desktop/sala4_crazyflie/install/sala4_bringup/lib/python3.10/site-packages:${PYTHONPATH} /usr/bin/python3 -W ignore:setup.py install is deprecated -W ignore:easy_install command is deprecated setup.py egg_info --egg-base ../build/sala4_bringup build --build-base /home/catt/Desktop/sala4_crazyflie/build/sala4_bringup/build install --record /home/catt/Desktop/sala4_crazyflie/build/sala4_bringup/install.log --single-version-externally-managed install_data
[0.938s] DEBUG:colcon.colcon_core.event_handler.log_command:Invoking command in '/home/catt/Desktop/sala4_crazyflie/sala4': PYTHONPATH=/home/catt/Desktop/sala4_crazyflie/build/sala4/prefix_override:/usr/lib/python3/dist-packages/colcon_core/task/python/colcon_distutils_commands:/home/catt/Desktop/sala4_crazyflie/install/sala4/lib/python3.10/site-packages:${PYTHONPATH} /usr/bin/python3 -W ignore:setup.py install is deprecated -W ignore:easy_install command is deprecated setup.py egg_info --egg-base ../build/sala4 build --build-base /home/catt/Desktop/sala4_crazyflie/build/sala4/build install --record /home/catt/Desktop/sala4_crazyflie/build/sala4/install.log --single-version-externally-managed install_data
[1.161s] DEBUG:colcon.colcon_core.event_handler.log_command:Invoked command in '/home/catt/Desktop/sala4_crazyflie/sala4' returned '0': PYTHONPATH=/home/catt/Desktop/sala4_crazyflie/build/sala4/prefix_override:/usr/lib/python3/dist-packages/colcon_core/task/python/colcon_distutils_commands:/home/catt/Desktop/sala4_crazyflie/install/sala4/lib/python3.10/site-packages:${PYTHONPATH} /usr/bin/python3 -W ignore:setup.py install is deprecated -W ignore:easy_install command is deprecated setup.py egg_info --egg-base ../build/sala4 build --build-base /home/catt/Desktop/sala4_crazyflie/build/sala4/build install --record /home/catt/Desktop/sala4_crazyflie/build/sala4/install.log --single-version-externally-managed install_data
[1.163s] Level 1:colcon.colcon_core.environment:checking '/home/catt/Desktop/sala4_crazyflie/install/sala4' for CMake module files
[1.163s] Level 1:colcon.colcon_core.environment:checking '/home/catt/Desktop/sala4_crazyflie/install/sala4' for CMake config files
[1.164s] Level 1:colcon.colcon_core.environment:checking '/home/catt/Desktop/sala4_crazyflie/install/sala4/lib'
[1.164s] Level 1:colcon.colcon_core.environment:checking '/home/catt/Desktop/sala4_crazyflie/install/sala4/bin'
[1.164s] Level 1:colcon.colcon_core.environment:checking '/home/catt/Desktop/sala4_crazyflie/install/sala4/lib/pkgconfig/sala4.pc'
[1.164s] Level 1:colcon.colcon_core.environment:checking '/home/catt/Desktop/sala4_crazyflie/install/sala4/lib/python3.10/site-packages'
[1.164s] Level 1:colcon.colcon_core.shell:create_environment_hook('sala4', 'pythonpath')
[1.164s] INFO:colcon.colcon_core.shell:Creating environment hook '/home/catt/Desktop/sala4_crazyflie/install/sala4/share/sala4/hook/pythonpath.ps1'
[1.165s] INFO:colcon.colcon_core.shell:Creating environment descriptor '/home/catt/Desktop/sala4_crazyflie/install/sala4/share/sala4/hook/pythonpath.dsv'
[1.165s] INFO:colcon.colcon_core.shell:Creating environment hook '/home/catt/Desktop/sala4_crazyflie/install/sala4/share/sala4/hook/pythonpath.sh'
[1.165s] Level 1:colcon.colcon_core.environment:checking '/home/catt/Desktop/sala4_crazyflie/install/sala4/bin'
[1.165s] Level 1:colcon.colcon_core.environment:create_environment_scripts_only(sala4)
[1.166s] INFO:colcon.colcon_core.shell:Creating package script '/home/catt/Desktop/sala4_crazyflie/install/sala4/share/sala4/package.ps1'
[1.166s] INFO:colcon.colcon_core.shell:Creating package descriptor '/home/catt/Desktop/sala4_crazyflie/install/sala4/share/sala4/package.dsv'
[1.166s] INFO:colcon.colcon_core.shell:Creating package script '/home/catt/Desktop/sala4_crazyflie/install/sala4/share/sala4/package.sh'
[1.167s] INFO:colcon.colcon_core.shell:Creating package script '/home/catt/Desktop/sala4_crazyflie/install/sala4/share/sala4/package.bash'
[1.167s] INFO:colcon.colcon_core.shell:Creating package script '/home/catt/Desktop/sala4_crazyflie/install/sala4/share/sala4/package.zsh'
[1.168s] Level 1:colcon.colcon_core.environment:create_file_with_runtime_dependencies(/home/catt/Desktop/sala4_crazyflie/install/sala4/share/colcon-core/packages/sala4)
[1.169s] Level 1:colcon.colcon_core.environment:checking '/home/catt/Desktop/sala4_crazyflie/install/sala4_bringup' for CMake module files
[1.169s] DEBUG:colcon.colcon_core.event_handler.log_command:Invoked command in '/home/catt/Desktop/sala4_crazyflie/sala4_bringup' returned '0': PYTHONPATH=/home/catt/Desktop/sala4_crazyflie/build/sala4_bringup/prefix_override:/usr/lib/python3/dist-packages/colcon_core/task/python/colcon_distutils_commands:/home/catt/Desktop/sala4_crazyflie/install/sala4_bringup/lib/python3.10/site-packages:${PYTHONPATH} /usr/bin/python3 -W ignore:setup.py install is deprecated -W ignore:easy_install command is deprecated setup.py egg_info --egg-base ../build/sala4_bringup build --build-base /home/catt/Desktop/sala4_crazyflie/build/sala4_bringup/build install --record /home/catt/Desktop/sala4_crazyflie/build/sala4_bringup/install.log --single-version-externally-managed install_data
[1.169s] Level 1:colcon.colcon_core.environment:checking '/home/catt/Desktop/sala4_crazyflie/install/sala4_bringup' for CMake config files
[1.170s] Level 1:colcon.colcon_core.environment:checking '/home/catt/Desktop/sala4_crazyflie/install/sala4_bringup/lib'
[1.170s] Level 1:colcon.colcon_core.environment:checking '/home/catt/Desktop/sala4_crazyflie/install/sala4_bringup/bin'
[1.170s] Level 1:colcon.colcon_core.environment:checking '/home/catt/Desktop/sala4_crazyflie/install/sala4_bringup/lib/pkgconfig/sala4_bringup.pc'
[1.170s] Level 1:colcon.colcon_core.environment:checking '/home/catt/Desktop/sala4_crazyflie/install/sala4_bringup/lib/python3.10/site-packages'
[1.170s] Level 1:colcon.colcon_core.shell:create_environment_hook('sala4_bringup', 'pythonpath')
[1.170s] INFO:colcon.colcon_core.shell:Creating environment hook '/home/catt/Desktop/sala4_crazyflie/install/sala4_bringup/share/sala4_bringup/hook/pythonpath.ps1'
[1.171s] INFO:colcon.colcon_core.shell:Creating environment descriptor '/home/catt/Desktop/sala4_crazyflie/install/sala4_bringup/share/sala4_bringup/hook/pythonpath.dsv'
[1.171s] INFO:colcon.colcon_core.shell:Creating environment hook '/home/catt/Desktop/sala4_crazyflie/install/sala4_bringup/share/sala4_bringup/hook/pythonpath.sh'
[1.171s] Level 1:colcon.colcon_core.environment:checking '/home/catt/Desktop/sala4_crazyflie/install/sala4_bringup/bin'
[1.171s] Level 1:colcon.colcon_core.environment:create_environment_scripts_only(sala4_bringup)
[1.171s] INFO:colcon.colcon_core.shell:Creating package script '/home/catt/Desktop/sala4_crazyflie/install/sala4_bringup/share/sala4_bringup/package.ps1'
[1.172s] INFO:colcon.colcon_core.shell:Creating package descriptor '/home/catt/Desktop/sala4_crazyflie/install/sala4_bringup/share/sala4_bringup/package.dsv'
[1.172s] INFO:colcon.colcon_core.shell:Creating package script '/home/catt/Desktop/sala4_crazyflie/install/sala4_bringup/share/sala4_bringup/package.sh'
[1.172s] INFO:colcon.colcon_core.shell:Creating package script '/home/catt/Desktop/sala4_crazyflie/install/sala4_bringup/share/sala4_bringup/package.bash'
[1.173s] INFO:colcon.colcon_core.shell:Creating package script '/home/catt/Desktop/sala4_crazyflie/install/sala4_bringup/share/sala4_bringup/package.zsh'
[1.173s] Level 1:colcon.colcon_core.environment:create_file_with_runtime_dependencies(/home/catt/Desktop/sala4_crazyflie/install/sala4_bringup/share/colcon-core/packages/sala4_bringup)
[1.173s] DEBUG:colcon.colcon_parallel_executor.executor.parallel:closing loop
[1.173s] DEBUG:colcon.colcon_parallel_executor.executor.parallel:loop closed
[1.173s] DEBUG:colcon.colcon_parallel_executor.executor.parallel:run_until_complete finished with '0'
[1.173s] DEBUG:colcon.colcon_core.event_reactor:joining thread
[1.177s] INFO:colcon.colcon_core.plugin_system:Skipping extension 'colcon_notification.desktop_notification.terminal_notifier': Not used on non-Darwin systems
[1.177s] INFO:colcon.colcon_core.plugin_system:Skipping extension 'colcon_notification.desktop_notification.win32': Not used on non-Windows systems
[1.177s] INFO:colcon.colcon_notification.desktop_notification:Sending desktop notification using 'notify2'
[1.185s] DEBUG:colcon.colcon_core.event_reactor:joined thread
[1.185s] INFO:colcon.colcon_core.shell:Creating prefix script '/home/catt/Desktop/sala4_crazyflie/install/local_setup.ps1'
[1.186s] INFO:colcon.colcon_core.shell:Creating prefix util module '/home/catt/Desktop/sala4_crazyflie/install/_local_setup_util_ps1.py'
[1.187s] INFO:colcon.colcon_core.shell:Creating prefix chain script '/home/catt/Desktop/sala4_crazyflie/install/setup.ps1'
[1.188s] INFO:colcon.colcon_core.shell:Creating prefix script '/home/catt/Desktop/sala4_crazyflie/install/local_setup.sh'
[1.188s] INFO:colcon.colcon_core.shell:Creating prefix util module '/home/catt/Desktop/sala4_crazyflie/install/_local_setup_util_sh.py'
[1.188s] INFO:colcon.colcon_core.shell:Creating prefix chain script '/home/catt/Desktop/sala4_crazyflie/install/setup.sh'
[1.189s] INFO:colcon.colcon_core.shell:Creating prefix script '/home/catt/Desktop/sala4_crazyflie/install/local_setup.bash'
[1.190s] INFO:colcon.colcon_core.shell:Creating prefix chain script '/home/catt/Desktop/sala4_crazyflie/install/setup.bash'
[1.190s] INFO:colcon.colcon_core.shell:Creating prefix script '/home/catt/Desktop/sala4_crazyflie/install/local_setup.zsh'
[1.191s] INFO:colcon.colcon_core.shell:Creating prefix chain script '/home/catt/Desktop/sala4_crazyflie/install/setup.zsh'
